../Core/Src/main.c:100:6:Ina219_Init	24	static
../Core/Src/main.c:124:6:Ina219_Read_Value	40	static
../Core/Src/main.c:155:10:eightbit_to_16bit_conv	24	static
../Core/Src/main.c:164:6:HAL_ADC_ConvCpltCallback	16	static
../Core/Src/main.c:179:5:main	8	static
../Core/Src/main.c:242:6:SystemClock_Config	88	static
../Core/Src/main.c:289:13:MX_ADC1_Init	24	static
../Core/Src/main.c:336:13:MX_I2C1_Init	8	static
../Core/Src/main.c:370:13:MX_USART1_UART_Init	8	static
../Core/Src/main.c:403:13:MX_GPIO_Init	24	static
../Core/Src/main.c:425:6:Error_Handler	8	static,ignoring_inline_asm
